2026-01-28 00:48:11 | INFO | WDM | ====== WebDriver manager ======
2026-01-28 00:48:11 | INFO | WDM | Get LATEST chromedriver version for google-chrome
2026-01-28 00:48:11 | INFO | WDM | Get LATEST chromedriver version for google-chrome
2026-01-28 00:48:11 | INFO | WDM | Driver [/home/rodrigo/.wdm/drivers/chromedriver/linux64/144.0.7559.109/chromedriver] found in cache
2026-01-28 00:50:22 | INFO | WDM | ====== WebDriver manager ======
2026-01-28 00:50:22 | INFO | WDM | Get LATEST chromedriver version for google-chrome
2026-01-28 00:50:22 | INFO | WDM | Get LATEST chromedriver version for google-chrome
2026-01-28 00:50:22 | INFO | WDM | Driver [/home/rodrigo/.wdm/drivers/chromedriver/linux64/144.0.7559.109/chromedriver] found in cache
2026-01-28 00:51:09 | INFO | WDM | ====== WebDriver manager ======
2026-01-28 00:51:09 | INFO | WDM | Get LATEST chromedriver version for google-chrome
2026-01-28 00:51:10 | INFO | WDM | Get LATEST chromedriver version for google-chrome
2026-01-28 00:51:10 | INFO | WDM | Driver [/home/rodrigo/.wdm/drivers/chromedriver/linux64/144.0.7559.109/chromedriver] found in cache
2026-01-28 00:51:52 | INFO | __main__ | tamanho  da  lista: [<selenium.webdriver.remote.webelement.WebElement (session="cc4bd4c1c13c14a80e059b006ccb0f0a", element="f.B87077627465742FF550A2608A68274D.d.7E4C1A107714F536FAD575921524DA03.e.669")>, <selenium.webdriver.remote.webelement.WebElement (session="cc4bd4c1c13c14a80e059b006ccb0f0a", element="f.B87077627465742FF550A2608A68274D.d.7E4C1A107714F536FAD575921524DA03.e.670")>, <selenium.webdriver.remote.webelement.WebElement (session="cc4bd4c1c13c14a80e059b006ccb0f0a", element="f.B87077627465742FF550A2608A68274D.d.7E4C1A107714F536FAD575921524DA03.e.671")>]
2026-01-28 00:52:08 | INFO | __main__ | tamanho  da  lista: [<selenium.webdriver.remote.webelement.WebElement (session="cc4bd4c1c13c14a80e059b006ccb0f0a", element="f.B87077627465742FF550A2608A68274D.d.7E4C1A107714F536FAD575921524DA03.e.672")>, <selenium.webdriver.remote.webelement.WebElement (session="cc4bd4c1c13c14a80e059b006ccb0f0a", element="f.B87077627465742FF550A2608A68274D.d.7E4C1A107714F536FAD575921524DA03.e.673")>, <selenium.webdriver.remote.webelement.WebElement (session="cc4bd4c1c13c14a80e059b006ccb0f0a", element="f.B87077627465742FF550A2608A68274D.d.7E4C1A107714F536FAD575921524DA03.e.674")>]
2026-01-28 00:52:23 | INFO | __main__ | tamanho  da  lista: [<selenium.webdriver.remote.webelement.WebElement (session="cc4bd4c1c13c14a80e059b006ccb0f0a", element="f.B87077627465742FF550A2608A68274D.d.7E4C1A107714F536FAD575921524DA03.e.675")>, <selenium.webdriver.remote.webelement.WebElement (session="cc4bd4c1c13c14a80e059b006ccb0f0a", element="f.B87077627465742FF550A2608A68274D.d.7E4C1A107714F536FAD575921524DA03.e.676")>, <selenium.webdriver.remote.webelement.WebElement (session="cc4bd4c1c13c14a80e059b006ccb0f0a", element="f.B87077627465742FF550A2608A68274D.d.7E4C1A107714F536FAD575921524DA03.e.677")>, <selenium.webdriver.remote.webelement.WebElement (session="cc4bd4c1c13c14a80e059b006ccb0f0a", element="f.B87077627465742FF550A2608A68274D.d.7E4C1A107714F536FAD575921524DA03.e.678")>]
2026-01-28 00:52:45 | INFO | __main__ | tamanho  da  lista: [<selenium.webdriver.remote.webelement.WebElement (session="cc4bd4c1c13c14a80e059b006ccb0f0a", element="f.B87077627465742FF550A2608A68274D.d.7E4C1A107714F536FAD575921524DA03.e.679")>, <selenium.webdriver.remote.webelement.WebElement (session="cc4bd4c1c13c14a80e059b006ccb0f0a", element="f.B87077627465742FF550A2608A68274D.d.7E4C1A107714F536FAD575921524DA03.e.680")>]
2026-01-28 00:52:55 | INFO | __main__ | tamanho  da  lista: [<selenium.webdriver.remote.webelement.WebElement (session="cc4bd4c1c13c14a80e059b006ccb0f0a", element="f.B87077627465742FF550A2608A68274D.d.7E4C1A107714F536FAD575921524DA03.e.681")>, <selenium.webdriver.remote.webelement.WebElement (session="cc4bd4c1c13c14a80e059b006ccb0f0a", element="f.B87077627465742FF550A2608A68274D.d.7E4C1A107714F536FAD575921524DA03.e.682")>, <selenium.webdriver.remote.webelement.WebElement (session="cc4bd4c1c13c14a80e059b006ccb0f0a", element="f.B87077627465742FF550A2608A68274D.d.7E4C1A107714F536FAD575921524DA03.e.683")>]
2026-01-28 00:53:11 | INFO | __main__ | tamanho  da  lista: [<selenium.webdriver.remote.webelement.WebElement (session="cc4bd4c1c13c14a80e059b006ccb0f0a", element="f.B87077627465742FF550A2608A68274D.d.7E4C1A107714F536FAD575921524DA03.e.684")>, <selenium.webdriver.remote.webelement.WebElement (session="cc4bd4c1c13c14a80e059b006ccb0f0a", element="f.B87077627465742FF550A2608A68274D.d.7E4C1A107714F536FAD575921524DA03.e.685")>]
2026-01-28 00:53:21 | INFO | __main__ | tamanho  da  lista: [<selenium.webdriver.remote.webelement.WebElement (session="cc4bd4c1c13c14a80e059b006ccb0f0a", element="f.B87077627465742FF550A2608A68274D.d.7E4C1A107714F536FAD575921524DA03.e.686")>, <selenium.webdriver.remote.webelement.WebElement (session="cc4bd4c1c13c14a80e059b006ccb0f0a", element="f.B87077627465742FF550A2608A68274D.d.7E4C1A107714F536FAD575921524DA03.e.687")>, <selenium.webdriver.remote.webelement.WebElement (session="cc4bd4c1c13c14a80e059b006ccb0f0a", element="f.B87077627465742FF550A2608A68274D.d.7E4C1A107714F536FAD575921524DA03.e.688")>, <selenium.webdriver.remote.webelement.WebElement (session="cc4bd4c1c13c14a80e059b006ccb0f0a", element="f.B87077627465742FF550A2608A68274D.d.7E4C1A107714F536FAD575921524DA03.e.689")>]
2026-01-28 00:53:42 | INFO | __main__ | tamanho  da  lista: [<selenium.webdriver.remote.webelement.WebElement (session="cc4bd4c1c13c14a80e059b006ccb0f0a", element="f.B87077627465742FF550A2608A68274D.d.7E4C1A107714F536FAD575921524DA03.e.690")>, <selenium.webdriver.remote.webelement.WebElement (session="cc4bd4c1c13c14a80e059b006ccb0f0a", element="f.B87077627465742FF550A2608A68274D.d.7E4C1A107714F536FAD575921524DA03.e.691")>, <selenium.webdriver.remote.webelement.WebElement (session="cc4bd4c1c13c14a80e059b006ccb0f0a", element="f.B87077627465742FF550A2608A68274D.d.7E4C1A107714F536FAD575921524DA03.e.692")>, <selenium.webdriver.remote.webelement.WebElement (session="cc4bd4c1c13c14a80e059b006ccb0f0a", element="f.B87077627465742FF550A2608A68274D.d.7E4C1A107714F536FAD575921524DA03.e.693")>]
2026-01-28 00:54:03 | INFO | __main__ | tamanho  da  lista: [<selenium.webdriver.remote.webelement.WebElement (session="cc4bd4c1c13c14a80e059b006ccb0f0a", element="f.B87077627465742FF550A2608A68274D.d.7E4C1A107714F536FAD575921524DA03.e.694")>, <selenium.webdriver.remote.webelement.WebElement (session="cc4bd4c1c13c14a80e059b006ccb0f0a", element="f.B87077627465742FF550A2608A68274D.d.7E4C1A107714F536FAD575921524DA03.e.695")>, <selenium.webdriver.remote.webelement.WebElement (session="cc4bd4c1c13c14a80e059b006ccb0f0a", element="f.B87077627465742FF550A2608A68274D.d.7E4C1A107714F536FAD575921524DA03.e.696")>, <selenium.webdriver.remote.webelement.WebElement (session="cc4bd4c1c13c14a80e059b006ccb0f0a", element="f.B87077627465742FF550A2608A68274D.d.7E4C1A107714F536FAD575921524DA03.e.697")>, <selenium.webdriver.remote.webelement.WebElement (session="cc4bd4c1c13c14a80e059b006ccb0f0a", element="f.B87077627465742FF550A2608A68274D.d.7E4C1A107714F536FAD575921524DA03.e.698")>]
2026-01-28 00:54:29 | ERROR | __main__ | Erro ao buscar ano modelo: 500 LOUNGE 1.4 16V 100cv Mec.
Traceback (most recent call last):
  File "/home/rodrigo/Documentos/projetos/web_scraping_mh_fipe/notebooks/extracao.py", line 77, in buscar_ano_modelo
    elemento_web_ano_modelo.click()
  File "/home/rodrigo/Documentos/projetos/web_scraping_mh_fipe/.venv/lib/python3.11/site-packages/selenium/webdriver/remote/webelement.py", line 114, in click
    self._execute(Command.CLICK_ELEMENT)
  File "/home/rodrigo/Documentos/projetos/web_scraping_mh_fipe/.venv/lib/python3.11/site-packages/selenium/webdriver/remote/webelement.py", line 508, in _execute
    return self._parent.execute(command, params)
           ^^^^^^^^^^^^^^^^^^^^^^^^^^^^^^^^^^^^^
  File "/home/rodrigo/Documentos/projetos/web_scraping_mh_fipe/.venv/lib/python3.11/site-packages/selenium/webdriver/remote/webdriver.py", line 432, in execute
    self.error_handler.check_response(response)
  File "/home/rodrigo/Documentos/projetos/web_scraping_mh_fipe/.venv/lib/python3.11/site-packages/selenium/webdriver/remote/errorhandler.py", line 232, in check_response
    raise exception_class(message, screen, stacktrace)
selenium.common.exceptions.ElementClickInterceptedException: Message: element click intercepted: Element <div class="chosen-container chosen-container-single" style="width: 215px;" title="" id="selectAnocarro_chosen">...</div> is not clickable at point (953, 587). Other element would receive the click: <input type="text" autocomplete="off" tabindex="2">
  (Session info: chrome=144.0.7559.96); For documentation on this error, please visit: https://www.selenium.dev/documentation/webdriver/troubleshooting/errors#elementclickinterceptedexception
Stacktrace:
#0 0x5b53aefd04ba <unknown>
#1 0x5b53aea39492 <unknown>
#2 0x5b53aea95c9b <unknown>
#3 0x5b53aea938d2 <unknown>
#4 0x5b53aea90e09 <unknown>
#5 0x5b53aea8ff07 <unknown>
#6 0x5b53aea82792 <unknown>
#7 0x5b53aea820d7 <unknown>
#8 0x5b53aead7700 <unknown>
#9 0x5b53aea806a2 <unknown>
#10 0x5b53aea81491 <unknown>
#11 0x5b53aef96479 <unknown>
#12 0x5b53aef99391 <unknown>
#13 0x5b53aef82a89 <unknown>
#14 0x5b53aef99f4e <unknown>
#15 0x5b53aef69070 <unknown>
#16 0x5b53aefbdca8 <unknown>
#17 0x5b53aefbde78 <unknown>
#18 0x5b53aefcf828 <unknown>
#19 0x70cf41294ac3 <unknown>

2026-01-28 20:57:59 | INFO | __main__ | Extraindo dados do carro: GM - Chevrolet - A-10 2.5/4.1 - 1989 Gasolina
2026-01-28 20:58:32 | INFO | __main__ | Extraindo dados do carro: GM - Chevrolet - A-10 De Luxe 2.5/4.1 - 1989 Gasolina
2026-01-28 20:59:20 | INFO | __main__ | Extraindo dados do carro: GM - Chevrolet - A-10 2.5/4.1 - 1989 Gasolina
2026-01-28 20:59:49 | INFO | __main__ | Extraindo dados do carro: GM - Chevrolet - A-10 De Luxe 2.5/4.1 - 1989 Gasolina
2026-01-28 21:00:13 | INFO | __main__ | Extraindo dados do carro: GM - Chevrolet - A-20 Custom Std. CD/ De Luxe CD - 1996 Gasolina
2026-01-28 21:00:43 | INFO | __main__ | Extraindo dados do carro: GM - Chevrolet - A-10 2.5/4.1 - 1989 Gasolina
2026-01-28 21:01:09 | INFO | __main__ | Extraindo dados do carro: GM - Chevrolet - A-10 2.5/4.1 - 1989 Álcool
2026-01-28 21:01:38 | INFO | __main__ | Extraindo dados do carro: GM - Chevrolet - A-10 2.5/4.1 - 1988 Gasolina
2026-01-28 21:02:03 | INFO | __main__ | Extraindo dados do carro: GM - Chevrolet - A-10 2.5/4.1 - 1988 Álcool
2026-01-28 21:03:44 | INFO | __main__ | Extraindo dados do carro: GM - Chevrolet - A-10 2.5/4.1 - 1989 Gasolina
2026-01-28 21:04:16 | INFO | __main__ | Extraindo dados do carro: GM - Chevrolet - A-10 2.5/4.1 - 1989 Álcool
2026-01-28 21:05:36 | INFO | __main__ | Extraindo dados do carro: GM - Chevrolet - A-10 2.5/4.1 - 1989 Gasolina
2026-01-28 21:06:21 | INFO | __main__ | Extraindo dados do carro: GM - Chevrolet - A-10 2.5/4.1 - 1989 Gasolina
2026-01-28 21:06:36 | INFO | __main__ | Extraindo dados do carro: GM - Chevrolet - A-10 2.5/4.1 - 1989 Gasolina
2026-01-28 21:07:01 | INFO | __main__ | Extraindo dados do carro: GM - Chevrolet - A-10 2.5/4.1 - 1989 Álcool
2026-01-28 21:07:29 | INFO | __main__ | Extraindo dados do carro: GM - Chevrolet - A-10 2.5/4.1 - 1989 Gasolina
2026-01-28 21:07:49 | INFO | __main__ | Extraindo dados do carro: GM - Chevrolet - A-10 2.5/4.1 - 1989 Álcool
2026-01-28 21:08:09 | INFO | __main__ | Extraindo dados do carro: GM - Chevrolet - A-10 2.5/4.1 - 1988 Gasolina
2026-01-28 21:08:42 | INFO | __main__ | Extraindo dados do carro: GM - Chevrolet - A-10 2.5/4.1 - 1989 Gasolina
2026-01-28 21:09:03 | INFO | __main__ | Extraindo dados do carro: GM - Chevrolet - A-10 2.5/4.1 - 1989 Álcool
2026-01-28 21:09:23 | INFO | __main__ | Extraindo dados do carro: GM - Chevrolet - A-10 2.5/4.1 - 1988 Gasolina
2026-01-28 21:09:40 | INFO | __main__ | Extraindo dados do carro: GM - Chevrolet - A-10 2.5/4.1 - 1989 Gasolina
2026-01-28 21:09:58 | INFO | __main__ | Extraindo dados do carro: GM - Chevrolet - A-10 2.5/4.1 - 1989 Gasolina
2026-01-28 22:55:41 | INFO | __main__ | Extraindo dados do carro: Hyundai - Accent GLS 1.5 12V/16V Aut. - 2001 Gasolina
2026-01-28 22:56:00 | INFO | __main__ | Resultado consulta -> {'mes_referencia': 'janeiro de 2026', 'codigo_fipe': '015032-0', 'marca': 'Hyundai', 'modelo': 'Accent GLS 1.5 12V/16V Aut.', 'ano_modelo': '2001 Gasolina', 'autenticacao': 'hld9scf3ygfx', 'data_consulta': 'quarta-feira, 28 de janeiro de 2026 22:56', 'preco': 'R$ 13.910,00'}
2026-01-28 22:56:01 | INFO | __main__ | Extraindo dados do carro: Hyundai - Accent GLS 1.5 12V/16V Aut. - 2000 Gasolina
2026-01-28 22:56:27 | INFO | __main__ | Extraindo dados do carro: Hyundai - Accent GLS 1.5 12V/16V Aut. - 2001 Gasolina
2026-01-28 22:56:46 | INFO | __main__ | Resultado consulta -> {'mes_referencia': 'janeiro de 2026', 'codigo_fipe': '015032-0', 'marca': 'Hyundai', 'modelo': 'Accent GLS 1.5 12V/16V Aut.', 'ano_modelo': '2001 Gasolina', 'autenticacao': 'hld9scf3ygfx', 'data_consulta': 'quarta-feira, 28 de janeiro de 2026 22:56', 'preco': 'R$ 13.910,00'}
2026-01-28 22:56:49 | INFO | __main__ | Extraindo dados do carro: Hyundai - Accent GLS 1.5 12V/16V Aut. - 2000 Gasolina
2026-01-28 22:57:21 | INFO | __main__ | Extraindo dados do carro: Hyundai - Accent GLS 1.5 12V/16V Aut. - 2001 Gasolina
2026-01-28 22:57:41 | INFO | __main__ | Resultado consulta -> {'mes_referencia': 'janeiro de 2026', 'codigo_fipe': '015032-0', 'marca': 'Hyundai', 'modelo': 'Accent GLS 1.5 12V/16V Aut.', 'ano_modelo': '2001 Gasolina', 'autenticacao': 'hld9scf3ygfx', 'data_consulta': 'quarta-feira, 28 de janeiro de 2026 22:57', 'preco': 'R$ 13.910,00'}
2026-01-28 22:57:44 | INFO | __main__ | Extraindo dados do carro: Hyundai - Accent GLS 1.5 12V/16V Aut. - 2000 Gasolina
2026-01-28 22:58:17 | INFO | __main__ | Extraindo dados do carro: Hyundai - Accent GLS 1.5 12V/16V Aut. - 2001 Gasolina
2026-01-28 22:58:36 | INFO | __main__ | Resultado consulta -> {'mes_referencia': 'janeiro de 2026', 'codigo_fipe': '015032-0', 'marca': 'Hyundai', 'modelo': 'Accent GLS 1.5 12V/16V Aut.', 'ano_modelo': '2001 Gasolina', 'autenticacao': 'hld9scf3ygfx', 'data_consulta': 'quarta-feira, 28 de janeiro de 2026 22:58', 'preco': 'R$ 13.910,00'}
2026-01-28 22:58:42 | INFO | __main__ | Extraindo dados do carro: Hyundai - Accent GLS 1.5 12V/16V Aut. - 2000 Gasolina
2026-01-28 22:59:01 | INFO | __main__ | Resultado consulta -> {'mes_referencia': 'janeiro de 2026', 'codigo_fipe': '015032-0', 'marca': 'Hyundai', 'modelo': 'Accent GLS 1.5 12V/16V Aut.', 'ano_modelo': '2000 Gasolina', 'autenticacao': 'gtc58z1b7tp', 'data_consulta': 'quarta-feira, 28 de janeiro de 2026 22:59', 'preco': 'R$ 11.860,00'}
2026-01-28 22:59:07 | INFO | __main__ | Extraindo dados do carro: Hyundai - Accent GLS 1.5 12V/16V Aut. - 1999 Gasolina
2026-01-28 22:59:26 | INFO | __main__ | Resultado consulta -> {'mes_referencia': 'janeiro de 2026', 'codigo_fipe': '015032-0', 'marca': 'Hyundai', 'modelo': 'Accent GLS 1.5 12V/16V Aut.', 'ano_modelo': '1999 Gasolina', 'autenticacao': 'ccd6xshyj7lp', 'data_consulta': 'quarta-feira, 28 de janeiro de 2026 22:59', 'preco': 'R$ 8.485,00'}
2026-01-28 22:59:32 | INFO | __main__ | Extraindo dados do carro: Hyundai - Accent GLS 1.5 12V/16V Aut. - 1998 Gasolina
2026-01-28 22:59:51 | INFO | __main__ | Resultado consulta -> {'mes_referencia': 'janeiro de 2026', 'codigo_fipe': '015032-0', 'marca': 'Hyundai', 'modelo': 'Accent GLS 1.5 12V/16V Aut.', 'ano_modelo': '1998 Gasolina', 'autenticacao': 'cbmyjx71t8pp', 'data_consulta': 'quarta-feira, 28 de janeiro de 2026 22:59', 'preco': 'R$ 8.278,00'}
2026-01-28 22:59:57 | INFO | __main__ | Extraindo dados do carro: Hyundai - Accent GLS 1.5 12V/16V Aut. - 1997 Gasolina
2026-01-28 23:00:16 | INFO | __main__ | Resultado consulta -> {'mes_referencia': 'janeiro de 2026', 'codigo_fipe': '015032-0', 'marca': 'Hyundai', 'modelo': 'Accent GLS 1.5 12V/16V Aut.', 'ano_modelo': '1997 Gasolina', 'autenticacao': '6nqgwwqrbhp', 'data_consulta': 'quarta-feira, 28 de janeiro de 2026 23:00', 'preco': 'R$ 7.227,00'}
2026-01-28 23:00:22 | INFO | __main__ | Extraindo dados do carro: Hyundai - Accent GLS 1.5 12V/16V Aut. - 1996 Gasolina
2026-01-28 23:03:50 | INFO | __main__ | Extraindo dados do carro: GM - Chevrolet - A-10 2.5/4.1 - 1989 Gasolina
2026-01-28 23:04:21 | INFO | __main__ | Extraindo dados do carro: GM - Chevrolet - A-10 2.5/4.1 - 1989 Gasolina
2026-01-28 23:04:40 | INFO | __main__ | Resultado consulta -> {'mes_referencia': 'janeiro de 2026', 'codigo_fipe': '004113-0', 'marca': 'GM - Chevrolet', 'modelo': 'A-10 2.5/4.1', 'ano_modelo': '1989 Gasolina', 'autenticacao': 'gtgq5bj0kgp', 'data_consulta': 'quarta-feira, 28 de janeiro de 2026 23:04', 'preco': 'R$ 11.867,00'}
2026-01-28 23:04:46 | INFO | __main__ | Extraindo dados do carro: GM - Chevrolet - A-10 2.5/4.1 - 1989 Álcool
2026-01-28 23:05:05 | INFO | __main__ | Resultado consulta -> {'mes_referencia': 'janeiro de 2026', 'codigo_fipe': '004113-0', 'marca': 'GM - Chevrolet', 'modelo': 'A-10 2.5/4.1', 'ano_modelo': '1989 Álcool', 'autenticacao': 'gtxxltc1tr0', 'data_consulta': 'quarta-feira, 28 de janeiro de 2026 23:05', 'preco': 'R$ 11.906,00'}
2026-01-28 23:05:12 | INFO | __main__ | Extraindo dados do carro: GM - Chevrolet - A-10 2.5/4.1 - 1988 Gasolina
2026-01-28 23:05:31 | INFO | __main__ | Resultado consulta -> {'mes_referencia': 'janeiro de 2026', 'codigo_fipe': '004113-0', 'marca': 'GM - Chevrolet', 'modelo': 'A-10 2.5/4.1', 'ano_modelo': '1988 Gasolina', 'autenticacao': 'ghbpz09022p', 'data_consulta': 'quarta-feira, 28 de janeiro de 2026 23:05', 'preco': 'R$ 11.003,00'}
2026-01-28 23:05:37 | INFO | __main__ | Extraindo dados do carro: GM - Chevrolet - A-10 2.5/4.1 - 1988 Álcool
2026-01-28 23:06:04 | INFO | __main__ | Extraindo dados do carro: GM - Chevrolet - A-10 2.5/4.1 - 1989 Gasolina
2026-01-28 23:06:23 | INFO | __main__ | Resultado consulta -> {'mes_referencia': 'janeiro de 2026', 'codigo_fipe': '004113-0', 'marca': 'GM - Chevrolet', 'modelo': 'A-10 2.5/4.1', 'ano_modelo': '1989 Gasolina', 'autenticacao': 'gtgq5bj0kgp', 'data_consulta': 'quarta-feira, 28 de janeiro de 2026 23:06', 'preco': 'R$ 11.867,00'}
2026-01-28 23:06:30 | INFO | __main__ | Extraindo dados do carro: GM - Chevrolet - A-10 2.5/4.1 - 1989 Álcool
2026-01-28 23:06:48 | INFO | __main__ | Resultado consulta -> {'mes_referencia': 'janeiro de 2026', 'codigo_fipe': '004113-0', 'marca': 'GM - Chevrolet', 'modelo': 'A-10 2.5/4.1', 'ano_modelo': '1989 Álcool', 'autenticacao': 'gtxxltc1tr0', 'data_consulta': 'quarta-feira, 28 de janeiro de 2026 23:06', 'preco': 'R$ 11.906,00'}
2026-01-28 23:06:55 | INFO | __main__ | Extraindo dados do carro: GM - Chevrolet - A-10 2.5/4.1 - 1988 Gasolina
2026-01-28 23:07:14 | INFO | __main__ | Resultado consulta -> {'mes_referencia': 'janeiro de 2026', 'codigo_fipe': '004113-0', 'marca': 'GM - Chevrolet', 'modelo': 'A-10 2.5/4.1', 'ano_modelo': '1988 Gasolina', 'autenticacao': 'ghbpz09022p', 'data_consulta': 'quarta-feira, 28 de janeiro de 2026 23:07', 'preco': 'R$ 11.003,00'}
2026-01-28 23:07:20 | INFO | __main__ | Extraindo dados do carro: GM - Chevrolet - A-10 2.5/4.1 - 1988 Álcool
2026-01-28 23:07:39 | INFO | __main__ | Resultado consulta -> {'mes_referencia': 'janeiro de 2026', 'codigo_fipe': '004113-0', 'marca': 'GM - Chevrolet', 'modelo': 'A-10 2.5/4.1', 'ano_modelo': '1988 Álcool', 'autenticacao': 'ghrfcbnn9q0', 'data_consulta': 'quarta-feira, 28 de janeiro de 2026 23:07', 'preco': 'R$ 11.038,00'}
2026-01-28 23:07:45 | INFO | __main__ | Extraindo dados do carro: GM - Chevrolet - A-10 2.5/4.1 - 1987 Gasolina
2026-01-28 23:08:05 | INFO | __main__ | Resultado consulta -> {'mes_referencia': 'janeiro de 2026', 'codigo_fipe': '004113-0', 'marca': 'GM - Chevrolet', 'modelo': 'A-10 2.5/4.1', 'ano_modelo': '1987 Gasolina', 'autenticacao': 'cjd3cbbqbntc', 'data_consulta': 'quarta-feira, 28 de janeiro de 2026 23:08', 'preco': 'R$ 9.806,00'}
2026-01-28 23:08:12 | INFO | __main__ | Extraindo dados do carro: GM - Chevrolet - A-10 2.5/4.1 - 1987 Álcool
2026-01-28 23:08:31 | INFO | __main__ | Resultado consulta -> {'mes_referencia': 'janeiro de 2026', 'codigo_fipe': '004113-0', 'marca': 'GM - Chevrolet', 'modelo': 'A-10 2.5/4.1', 'ano_modelo': '1987 Álcool', 'autenticacao': 'cjjvnyjffxgc', 'data_consulta': 'quarta-feira, 28 de janeiro de 2026 23:08', 'preco': 'R$ 9.838,00'}
2026-01-28 23:08:37 | INFO | __main__ | Extraindo dados do carro: GM - Chevrolet - A-10 2.5/4.1 - 1986 Gasolina
2026-01-28 23:08:56 | INFO | __main__ | Resultado consulta -> {'mes_referencia': 'janeiro de 2026', 'codigo_fipe': '004113-0', 'marca': 'GM - Chevrolet', 'modelo': 'A-10 2.5/4.1', 'ano_modelo': '1986 Gasolina', 'autenticacao': 'cg3nc7xkhc1c', 'data_consulta': 'quarta-feira, 28 de janeiro de 2026 23:08', 'preco': 'R$ 9.461,00'}
2026-01-28 23:09:02 | INFO | __main__ | Extraindo dados do carro: GM - Chevrolet - A-10 2.5/4.1 - 1986 Álcool
2026-01-28 23:09:21 | INFO | __main__ | Resultado consulta -> {'mes_referencia': 'janeiro de 2026', 'codigo_fipe': '004113-0', 'marca': 'GM - Chevrolet', 'modelo': 'A-10 2.5/4.1', 'ano_modelo': '1986 Álcool', 'autenticacao': 'cg6815403z2c', 'data_consulta': 'quarta-feira, 28 de janeiro de 2026 23:09', 'preco': 'R$ 9.492,00'}
2026-01-28 23:09:27 | INFO | __main__ | Extraindo dados do carro: GM - Chevrolet - A-10 2.5/4.1 - 1985 Gasolina
2026-01-28 23:09:46 | INFO | __main__ | Resultado consulta -> {'mes_referencia': 'janeiro de 2026', 'codigo_fipe': '004113-0', 'marca': 'GM - Chevrolet', 'modelo': 'A-10 2.5/4.1', 'ano_modelo': '1985 Gasolina', 'autenticacao': 'ccjqy4ljyvxc', 'data_consulta': 'quarta-feira, 28 de janeiro de 2026 23:09', 'preco': 'R$ 8.515,00'}
2026-01-28 23:09:53 | INFO | __main__ | Extraindo dados do carro: GM - Chevrolet - A-10 2.5/4.1 - 1985 Álcool
2026-01-28 23:10:12 | INFO | __main__ | Resultado consulta -> {'mes_referencia': 'janeiro de 2026', 'codigo_fipe': '004113-0', 'marca': 'GM - Chevrolet', 'modelo': 'A-10 2.5/4.1', 'ano_modelo': '1985 Álcool', 'autenticacao': 'ccm0q1z85k3c', 'data_consulta': 'quarta-feira, 28 de janeiro de 2026 23:10', 'preco': 'R$ 8.543,00'}
2026-01-28 23:10:18 | INFO | __main__ | Extraindo dados do carro: GM - Chevrolet - A-10 De Luxe 2.5/4.1 - 1989 Gasolina
2026-01-28 23:10:38 | INFO | __main__ | Resultado consulta -> {'mes_referencia': 'janeiro de 2026', 'codigo_fipe': '004114-9', 'marca': 'GM - Chevrolet', 'modelo': 'A-10 De Luxe 2.5/4.1', 'ano_modelo': '1989 Gasolina', 'autenticacao': 'g26wrw4cccp', 'data_consulta': 'quarta-feira, 28 de janeiro de 2026 23:10', 'preco': 'R$ 12.613,00'}
2026-01-28 23:10:44 | INFO | __main__ | Extraindo dados do carro: GM - Chevrolet - A-10 De Luxe 2.5/4.1 - 1989 Álcool
2026-01-28 23:11:03 | INFO | __main__ | Resultado consulta -> {'mes_referencia': 'janeiro de 2026', 'codigo_fipe': '004114-9', 'marca': 'GM - Chevrolet', 'modelo': 'A-10 De Luxe 2.5/4.1', 'ano_modelo': '1989 Álcool', 'autenticacao': 'g3pfgn27wt0', 'data_consulta': 'quarta-feira, 28 de janeiro de 2026 23:11', 'preco': 'R$ 12.653,00'}
2026-01-28 23:11:09 | INFO | __main__ | Extraindo dados do carro: GM - Chevrolet - A-10 De Luxe 2.5/4.1 - 1988 Gasolina
2026-01-28 23:11:28 | INFO | __main__ | Resultado consulta -> {'mes_referencia': 'janeiro de 2026', 'codigo_fipe': '004114-9', 'marca': 'GM - Chevrolet', 'modelo': 'A-10 De Luxe 2.5/4.1', 'ano_modelo': '1988 Gasolina', 'autenticacao': 'gsxnlhqjlfp', 'data_consulta': 'quarta-feira, 28 de janeiro de 2026 23:11', 'preco': 'R$ 11.820,00'}
2026-01-28 23:11:34 | INFO | __main__ | Extraindo dados do carro: GM - Chevrolet - A-10 De Luxe 2.5/4.1 - 1988 Álcool
2026-01-28 23:11:53 | INFO | __main__ | Resultado consulta -> {'mes_referencia': 'janeiro de 2026', 'codigo_fipe': '004114-9', 'marca': 'GM - Chevrolet', 'modelo': 'A-10 De Luxe 2.5/4.1', 'ano_modelo': '1988 Álcool', 'autenticacao': 'gtct0zkkvq0', 'data_consulta': 'quarta-feira, 28 de janeiro de 2026 23:11', 'preco': 'R$ 11.859,00'}
2026-01-28 23:11:59 | INFO | __main__ | Extraindo dados do carro: GM - Chevrolet - A-10 De Luxe 2.5/4.1 - 1987 Gasolina
2026-01-28 23:12:41 | INFO | __main__ | Extraindo dados do carro: GM - Chevrolet - A-10 2.5/4.1 - 1989 Gasolina
2026-01-28 23:13:48 | INFO | __main__ | Extraindo dados do carro: GM - Chevrolet - A-10 2.5/4.1 - 1989 Gasolina
2026-01-28 23:14:15 | INFO | __main__ | Extraindo dados do carro: GM - Chevrolet - A-10 2.5/4.1 - 1989 Álcool
2026-01-28 23:14:43 | INFO | __main__ | Extraindo dados do carro: GM - Chevrolet - A-10 2.5/4.1 - 1988 Gasolina
2026-01-28 23:15:34 | INFO | __main__ | Extraindo dados do carro: Audi - 100 2.8 V6 - 1995 Gasolina
2026-01-28 23:18:11 | INFO | __main__ | Extraindo dados do carro: Audi - 100 2.8 V6 - 1995 Gasolina
2026-01-28 23:18:38 | INFO | __main__ | Extraindo dados do carro: Audi - 100 2.8 V6 - 1994 Gasolina
2026-01-28 23:19:06 | INFO | __main__ | Extraindo dados do carro: Audi - 100 2.8 V6 - 1993 Gasolina
2026-01-28 23:19:33 | INFO | __main__ | Extraindo dados do carro: Audi - 100 2.8 V6 Avant - 1995 Gasolina
2026-01-28 23:20:00 | INFO | __main__ | Extraindo dados do carro: Audi - 100 2.8 V6 Avant - 1994 Gasolina
2026-01-28 23:20:27 | INFO | __main__ | Extraindo dados do carro: Audi - 100 S-4 2.2 Avant Turbo - 1995 Gasolina
2026-01-28 23:20:54 | INFO | __main__ | Extraindo dados do carro: Audi - 100 S-4 2.2 Avant Turbo - 1994 Gasolina
2026-01-28 23:21:21 | INFO | __main__ | Extraindo dados do carro: Audi - 80 2.0 - 1995 Gasolina
2026-01-28 23:21:48 | INFO | __main__ | Extraindo dados do carro: Audi - 80 2.0 - 1994 Gasolina
2026-01-28 23:22:15 | INFO | __main__ | Extraindo dados do carro: Audi - 80 2.0 Avant - 1995 Gasolina
2026-01-28 23:22:43 | INFO | __main__ | Extraindo dados do carro: Audi - 80 2.0 Avant - 1994 Gasolina
2026-01-28 23:23:10 | INFO | __main__ | Extraindo dados do carro: Audi - 80 2.6/ 2.8 - 1995 Gasolina
2026-01-28 23:23:37 | INFO | __main__ | Extraindo dados do carro: Audi - 80 2.6/ 2.8 - 1994 Gasolina
2026-01-28 23:24:04 | INFO | __main__ | Extraindo dados do carro: Audi - 80 2.6/2.8 Avant - 1996 Gasolina
2026-01-29 08:39:23 | INFO | __main__ | Extraindo dados do carro: Audi - 100 2.8 V6 - 1995 Gasolina
2026-01-29 08:39:50 | INFO | __main__ | Extraindo dados do carro: Audi - 100 2.8 V6 - 1994 Gasolina
2026-01-29 08:45:45 | INFO | __main__ | Extraindo dados do carro: Audi - 100 2.8 V6 - 1995 Gasolina
2026-01-29 08:46:13 | INFO | __main__ | Extraindo dados do carro: Audi - 100 2.8 V6 - 1994 Gasolina
2026-01-29 08:46:40 | INFO | __main__ | Extraindo dados do carro: Audi - 100 2.8 V6 - 1993 Gasolina
2026-01-29 08:47:07 | INFO | __main__ | Extraindo dados do carro: Audi - 100 2.8 V6 Avant - 1995 Gasolina
2026-01-29 08:47:34 | INFO | __main__ | Extraindo dados do carro: Audi - 100 2.8 V6 Avant - 1994 Gasolina
2026-01-29 08:48:01 | INFO | __main__ | Extraindo dados do carro: Audi - 100 S-4 2.2 Avant Turbo - 1995 Gasolina
2026-01-29 08:48:29 | INFO | __main__ | Extraindo dados do carro: Audi - 100 S-4 2.2 Avant Turbo - 1994 Gasolina
2026-01-29 08:48:55 | INFO | __main__ | Extraindo dados do carro: Audi - 80 2.0 - 1995 Gasolina
2026-01-29 08:49:22 | INFO | __main__ | Extraindo dados do carro: Audi - 80 2.0 - 1994 Gasolina
2026-01-29 08:49:49 | INFO | __main__ | Extraindo dados do carro: Audi - 80 2.0 Avant - 1995 Gasolina
2026-01-29 08:50:17 | INFO | __main__ | Extraindo dados do carro: Audi - 80 2.0 Avant - 1994 Gasolina
2026-01-29 08:50:44 | INFO | __main__ | Extraindo dados do carro: Audi - 80 2.6/ 2.8 - 1995 Gasolina
2026-01-29 08:51:11 | INFO | __main__ | Extraindo dados do carro: Audi - 80 2.6/ 2.8 - 1994 Gasolina
2026-01-29 08:51:38 | INFO | __main__ | Extraindo dados do carro: Audi - 80 2.6/2.8 Avant - 1996 Gasolina
2026-01-29 08:52:05 | INFO | __main__ | Extraindo dados do carro: Audi - 80 2.6/2.8 Avant - 1995 Gasolina
2026-01-29 08:52:32 | INFO | __main__ | Extraindo dados do carro: Audi - 80 2.6/2.8 Avant - 1994 Gasolina
2026-01-29 08:53:00 | INFO | __main__ | Extraindo dados do carro: Audi - 80 2.8 Cabriolet - 1999 Gasolina
2026-01-29 08:53:27 | INFO | __main__ | Extraindo dados do carro: Audi - 80 2.8 Cabriolet - 1998 Gasolina
2026-01-29 08:53:54 | INFO | __main__ | Extraindo dados do carro: Audi - 80 2.8 Cabriolet - 1997 Gasolina
2026-01-29 08:54:22 | INFO | __main__ | Extraindo dados do carro: Audi - 80 2.8 Cabriolet - 1996 Gasolina
2026-01-29 08:54:49 | INFO | __main__ | Extraindo dados do carro: Audi - 80 2.8 Cabriolet - 1995 Gasolina
2026-01-29 08:55:15 | INFO | __main__ | Extraindo dados do carro: Audi - 80 2.8 Cabriolet - 1994 Gasolina
2026-01-29 08:55:42 | INFO | __main__ | Extraindo dados do carro: Audi - 80 S2 Avant - 1995 Gasolina
2026-01-29 08:56:09 | INFO | __main__ | Extraindo dados do carro: Audi - 80 S2 Avant - 1994 Gasolina
2026-01-29 08:56:36 | INFO | __main__ | Extraindo dados do carro: Audi - A1 1.4 TFSI 122cv S-tronic 3p - 2014 Gasolina
2026-01-29 08:57:03 | INFO | __main__ | Extraindo dados do carro: Audi - A1 1.4 TFSI 122cv S-tronic 3p - 2013 Gasolina
2026-01-29 08:57:30 | INFO | __main__ | Extraindo dados do carro: Audi - A1 1.4 TFSI 122cv S-tronic 3p - 2012 Gasolina
2026-01-29 08:57:57 | INFO | __main__ | Extraindo dados do carro: Audi - A1 1.4 TFSI 122cv S-tronic 3p - 2011 Gasolina
2026-01-29 08:58:24 | INFO | __main__ | Extraindo dados do carro: Audi - A1 2.0 TFSI Quattro 256cv 3p - 2013 Gasolina
2026-01-29 08:58:51 | INFO | __main__ | Extraindo dados do carro: Audi - A1 Sport 1.4 TFSI 185cv 3p S-tronic - 2014 Gasolina
2026-01-29 08:59:18 | INFO | __main__ | Extraindo dados do carro: Audi - A1 Sport 1.4 TFSI 185cv 3p S-tronic - 2013 Gasolina
2026-01-29 08:59:46 | INFO | __main__ | Extraindo dados do carro: Audi - A1 Sport 1.4 TFSI 185cv 3p S-tronic - 2012 Gasolina
2026-01-29 09:00:13 | INFO | __main__ | Extraindo dados do carro: Audi - A1 Sport. S Edition 1.4 TFSI 5p S-tronic - 2017 Gasolina
2026-01-29 09:00:40 | INFO | __main__ | Extraindo dados do carro: Audi - A1 Sport. S Edition 1.4 TFSI 5p S-tronic - 2016 Gasolina
2026-01-29 09:01:07 | INFO | __main__ | Extraindo dados do carro: Audi - A1 Sportback 1.4 TFSI 185cv 5p S-tronic - 2015 Gasolina
2026-01-29 09:01:34 | INFO | __main__ | Extraindo dados do carro: Audi - A1 Sportback 1.4 TFSI 185cv 5p S-tronic - 2014 Gasolina
2026-01-29 09:02:01 | INFO | __main__ | Extraindo dados do carro: Audi - A1 Sportback 1.4 TFSI 185cv 5p S-tronic - 2013 Gasolina
2026-01-29 09:02:28 | INFO | __main__ | Extraindo dados do carro: Audi - A1 Sportback 1.4 TFSI 5p S-tronic - 2018 Gasolina
2026-01-29 09:02:55 | INFO | __main__ | Extraindo dados do carro: Audi - A1 Sportback 1.4 TFSI 5p S-tronic - 2017 Gasolina
2026-01-29 09:03:22 | INFO | __main__ | Extraindo dados do carro: Audi - A1 Sportback 1.4 TFSI 5p S-tronic - 2016 Gasolina
2026-01-29 09:03:49 | INFO | __main__ | Extraindo dados do carro: Audi - A1 Sportback 1.4 TFSI 5p S-tronic - 2015 Gasolina
2026-01-29 09:04:16 | INFO | __main__ | Extraindo dados do carro: Audi - A1 Sportback 1.4 TFSI 5p S-tronic - 2014 Gasolina
2026-01-29 09:04:44 | INFO | __main__ | Extraindo dados do carro: Audi - A1 Sportback 1.4 TFSI 5p S-tronic - 2013 Gasolina
2026-01-29 09:05:11 | INFO | __main__ | Extraindo dados do carro: Audi - A1 Sportback 1.8 TFSI 192cv 5p S-tronic - 2018 Gasolina
2026-01-29 09:05:44 | INFO | __main__ | Extraindo dados do carro: Audi - A1 Sportback 1.8 TFSI 192cv 5p S-tronic - 2017 Gasolina
2026-01-29 09:06:11 | INFO | __main__ | Extraindo dados do carro: Audi - A1 Sportback 1.8 TFSI 192cv 5p S-tronic - 2016 Gasolina
2026-01-29 09:06:38 | INFO | __main__ | Extraindo dados do carro: Audi - A3 1.6 3p - 2003 Gasolina
2026-01-29 09:07:05 | INFO | __main__ | Extraindo dados do carro: Audi - A3 1.6 3p - 2002 Gasolina
2026-01-29 09:07:32 | INFO | __main__ | Extraindo dados do carro: Audi - A3 1.6 3p - 2001 Gasolina
2026-01-29 09:07:58 | INFO | __main__ | Extraindo dados do carro: Audi - A3 1.6 3p - 2000 Gasolina
2026-01-29 09:08:26 | INFO | __main__ | Extraindo dados do carro: Audi - A3 1.6 3p - 1999 Gasolina
2026-01-29 09:08:52 | INFO | __main__ | Extraindo dados do carro: Audi - A3 1.6 3p Aut. - 2003 Gasolina
2026-01-29 09:09:19 | INFO | __main__ | Extraindo dados do carro: Audi - A3 1.6 3p Aut. - 2002 Gasolina
2026-01-29 09:09:46 | INFO | __main__ | Extraindo dados do carro: Audi - A3 1.6 3p Aut. - 2001 Gasolina
2026-01-29 09:10:13 | INFO | __main__ | Extraindo dados do carro: Audi - A3 1.6 3p Aut. - 2000 Gasolina
2026-01-29 09:10:40 | INFO | __main__ | Extraindo dados do carro: Audi - A3 1.6 3p Aut. - 1999 Gasolina
2026-01-29 09:11:07 | INFO | __main__ | Extraindo dados do carro: Audi - A3 1.6 5p - 2006 Gasolina
2026-01-29 09:11:35 | INFO | __main__ | Extraindo dados do carro: Audi - A3 1.6 5p - 2005 Gasolina
2026-01-29 09:12:03 | INFO | __main__ | Extraindo dados do carro: Audi - A3 1.6 5p - 2004 Gasolina
2026-01-29 09:12:30 | INFO | __main__ | Extraindo dados do carro: Audi - A3 1.6 5p - 2003 Gasolina
2026-01-29 09:12:58 | INFO | __main__ | Extraindo dados do carro: Audi - A3 1.6 5p - 2002 Gasolina
2026-01-29 09:13:25 | INFO | __main__ | Extraindo dados do carro: Audi - A3 1.6 5p - 2001 Gasolina
2026-01-29 09:13:51 | INFO | __main__ | Extraindo dados do carro: Audi - A3 1.6 5p - 2000 Gasolina
2026-01-29 09:14:18 | INFO | __main__ | Extraindo dados do carro: Audi - A3 1.6 5p - 1999 Gasolina
2026-01-29 09:14:45 | INFO | __main__ | Extraindo dados do carro: Audi - A3 1.6 5p Aut. - 2003 Gasolina
2026-01-29 09:15:12 | INFO | __main__ | Extraindo dados do carro: Audi - A3 1.6 5p Aut. - 2002 Gasolina
2026-01-29 09:15:39 | INFO | __main__ | Extraindo dados do carro: Audi - A3 1.6 5p Aut. - 2001 Gasolina
2026-01-29 09:16:07 | INFO | __main__ | Extraindo dados do carro: Audi - A3 1.6 5p Aut. - 2000 Gasolina
2026-01-29 09:16:34 | INFO | __main__ | Extraindo dados do carro: Audi - A3 1.6 5p Aut. - 1999 Gasolina
2026-01-29 09:17:03 | INFO | __main__ | Extraindo dados do carro: Audi - A3 1.6 8V 102cv 3p - 2007 Gasolina
2026-01-29 09:17:31 | INFO | __main__ | Extraindo dados do carro: Audi - A3 1.8 3p - 2004 Gasolina
2026-01-29 09:17:58 | INFO | __main__ | Extraindo dados do carro: Audi - A3 1.8 3p - 2003 Gasolina
2026-01-29 09:18:25 | INFO | __main__ | Extraindo dados do carro: Audi - A3 1.8 3p - 2002 Gasolina
2026-01-29 09:18:52 | INFO | __main__ | Extraindo dados do carro: Audi - A3 1.8 3p - 2001 Gasolina
2026-01-29 09:19:19 | INFO | __main__ | Extraindo dados do carro: Audi - A3 1.8 3p - 2000 Gasolina
2026-01-29 09:19:46 | INFO | __main__ | Extraindo dados do carro: Audi - A3 1.8 3p - 1999 Gasolina
2026-01-29 09:20:12 | INFO | __main__ | Extraindo dados do carro: Audi - A3 1.8 3p - 1998 Gasolina
2026-01-29 09:20:39 | INFO | __main__ | Extraindo dados do carro: Audi - A3 1.8 3p - 1997 Gasolina
2026-01-29 09:21:07 | INFO | __main__ | Extraindo dados do carro: Audi - A3 1.8 3p Aut. - 2004 Gasolina
2026-01-29 09:21:34 | INFO | __main__ | Extraindo dados do carro: Audi - A3 1.8 3p Aut. - 2003 Gasolina
2026-01-29 09:22:00 | INFO | __main__ | Extraindo dados do carro: Audi - A3 1.8 3p Aut. - 2002 Gasolina
2026-01-29 09:22:27 | INFO | __main__ | Extraindo dados do carro: Audi - A3 1.8 3p Aut. - 2001 Gasolina
2026-01-29 09:22:55 | INFO | __main__ | Extraindo dados do carro: Audi - A3 1.8 3p Aut. - 2000 Gasolina
2026-01-29 09:23:22 | INFO | __main__ | Extraindo dados do carro: Audi - A3 1.8 3p Aut. - 1999 Gasolina
2026-01-29 09:23:49 | INFO | __main__ | Extraindo dados do carro: Audi - A3 1.8 3p Aut. - 1998 Gasolina
2026-01-29 09:24:16 | INFO | __main__ | Extraindo dados do carro: Audi - A3 1.8 3p Aut. - 1997 Gasolina
2026-01-29 09:24:43 | INFO | __main__ | Extraindo dados do carro: Audi - A3 1.8 5p Aut. - 2006 Gasolina
2026-01-29 09:25:10 | INFO | __main__ | Extraindo dados do carro: Audi - A3 1.8 5p Aut. - 2005 Gasolina
2026-01-29 09:25:38 | INFO | __main__ | Extraindo dados do carro: Audi - A3 1.8 5p Aut. - 2004 Gasolina
2026-01-29 09:26:05 | INFO | __main__ | Extraindo dados do carro: Audi - A3 1.8 5p Aut. - 2003 Gasolina
2026-01-29 09:26:32 | INFO | __main__ | Extraindo dados do carro: Audi - A3 1.8 5p Aut. - 2002 Gasolina
2026-01-29 09:26:58 | INFO | __main__ | Extraindo dados do carro: Audi - A3 1.8 5p Aut. - 2001 Gasolina
2026-01-29 09:27:25 | INFO | __main__ | Extraindo dados do carro: Audi - A3 1.8 5p Aut. - 2000 Gasolina
2026-01-29 09:27:53 | INFO | __main__ | Extraindo dados do carro: Audi - A3 1.8 5p Aut. - 1999 Gasolina
2026-01-29 09:28:20 | INFO | __main__ | Extraindo dados do carro: Audi - A3 1.8 5p Aut. - 1998 Gasolina
2026-01-29 09:28:47 | INFO | __main__ | Extraindo dados do carro: Audi - A3 1.8 5p Aut. - 1997 Gasolina
2026-01-29 09:29:14 | INFO | __main__ | Extraindo dados do carro: Audi - A3 1.8 5p Mec. - 2006 Gasolina
2026-01-29 09:29:40 | INFO | __main__ | Extraindo dados do carro: Audi - A3 1.8 5p Mec. - 2005 Gasolina
2026-01-29 09:30:07 | INFO | __main__ | Extraindo dados do carro: Audi - A3 1.8 5p Mec. - 2004 Gasolina
2026-01-29 09:30:34 | INFO | __main__ | Extraindo dados do carro: Audi - A3 1.8 5p Mec. - 2003 Gasolina
2026-01-29 09:31:01 | INFO | __main__ | Extraindo dados do carro: Audi - A3 1.8 5p Mec. - 2002 Gasolina
2026-01-29 09:31:28 | INFO | __main__ | Extraindo dados do carro: Audi - A3 1.8 5p Mec. - 2001 Gasolina
2026-01-29 09:31:54 | INFO | __main__ | Extraindo dados do carro: Audi - A3 1.8 5p Mec. - 2000 Gasolina
2026-01-29 09:32:21 | INFO | __main__ | Extraindo dados do carro: Audi - A3 1.8 5p Mec. - 1999 Gasolina
2026-01-29 09:32:48 | INFO | __main__ | Extraindo dados do carro: Audi - A3 1.8 5p Mec. - 1998 Gasolina
2026-01-29 09:33:15 | INFO | __main__ | Extraindo dados do carro: Audi - A3 1.8 5p Mec. - 1997 Gasolina
2026-01-29 09:33:42 | INFO | __main__ | Extraindo dados do carro: Audi - A3 1.8 Turbo 180cv 3p Aut./ Tip. - 2003 Gasolina
2026-01-29 09:34:09 | INFO | __main__ | Extraindo dados do carro: Audi - A3 1.8 Turbo 180cv 3p Aut./ Tip. - 2002 Gasolina
2026-01-29 09:34:36 | INFO | __main__ | Extraindo dados do carro: Audi - A3 1.8 Turbo 180cv 3p Mec. - 2004 Gasolina
2026-01-29 09:35:03 | INFO | __main__ | Extraindo dados do carro: Audi - A3 1.8 Turbo 180cv 3p Mec. - 2003 Gasolina
2026-01-29 09:35:30 | INFO | __main__ | Extraindo dados do carro: Audi - A3 1.8 Turbo 180cv 3p Mec. - 2002 Gasolina
2026-01-29 09:35:57 | INFO | __main__ | Extraindo dados do carro: Audi - A3 1.8 Turbo 180cv 3p Mec. - 2001 Gasolina
2026-01-29 09:36:24 | INFO | __main__ | Extraindo dados do carro: Audi - A3 1.8 Turbo 180cv 3p Mec. - 2000 Gasolina
2026-01-29 09:36:51 | INFO | __main__ | Extraindo dados do carro: Audi - A3 1.8 Turbo 180cv 5p Aut./ Tip. - 2006 Gasolina
2026-01-29 09:37:18 | INFO | __main__ | Extraindo dados do carro: Audi - A3 1.8 Turbo 180cv 5p Aut./ Tip. - 2005 Gasolina
2026-01-29 09:37:45 | INFO | __main__ | Extraindo dados do carro: Audi - A3 1.8 Turbo 180cv 5p Aut./ Tip. - 2004 Gasolina
2026-01-29 09:38:12 | INFO | __main__ | Extraindo dados do carro: Audi - A3 1.8 Turbo 180cv 5p Aut./ Tip. - 2003 Gasolina
2026-01-29 09:38:39 | INFO | __main__ | Extraindo dados do carro: Audi - A3 1.8 Turbo 180cv 5p Aut./ Tip. - 2002 Gasolina
2026-01-29 09:39:06 | INFO | __main__ | Extraindo dados do carro: Audi - A3 1.8 Turbo 180cv 5p Mec. - 2006 Gasolina
2026-01-29 09:39:32 | INFO | __main__ | Extraindo dados do carro: Audi - A3 1.8 Turbo 180cv 5p Mec. - 2005 Gasolina
2026-01-29 09:39:59 | INFO | __main__ | Extraindo dados do carro: Audi - A3 1.8 Turbo 180cv 5p Mec. - 2004 Gasolina
2026-01-29 09:40:26 | INFO | __main__ | Extraindo dados do carro: Audi - A3 1.8 Turbo 180cv 5p Mec. - 2003 Gasolina
2026-01-29 09:40:53 | INFO | __main__ | Extraindo dados do carro: Audi - A3 1.8 Turbo 180cv 5p Mec. - 2002 Gasolina
2026-01-29 09:41:19 | INFO | __main__ | Extraindo dados do carro: Audi - A3 1.8 Turbo 180cv 5p Mec. - 2001 Gasolina
2026-01-29 09:41:46 | INFO | __main__ | Extraindo dados do carro: Audi - A3 1.8 Turbo 180cv 5p Mec. - 2000 Gasolina
2026-01-29 09:42:13 | INFO | __main__ | Extraindo dados do carro: Audi - A3 1.8 Turbo 3p Aut. - 2003 Gasolina
2026-01-29 09:42:40 | INFO | __main__ | Extraindo dados do carro: Audi - A3 1.8 Turbo 3p Aut. - 2002 Gasolina
2026-01-29 09:43:07 | INFO | __main__ | Extraindo dados do carro: Audi - A3 1.8 Turbo 3p Aut. - 2001 Gasolina
2026-01-29 09:43:34 | INFO | __main__ | Extraindo dados do carro: Audi - A3 1.8 Turbo 3p Aut. - 2000 Gasolina
2026-01-29 09:44:01 | INFO | __main__ | Extraindo dados do carro: Audi - A3 1.8 Turbo 3p Aut. - 1999 Gasolina
2026-01-29 09:44:27 | INFO | __main__ | Extraindo dados do carro: Audi - A3 1.8 Turbo 3p Aut. - 1998 Gasolina
2026-01-29 09:44:54 | INFO | __main__ | Extraindo dados do carro: Audi - A3 1.8 Turbo 3p Aut. - 1997 Gasolina
2026-01-29 09:45:21 | INFO | __main__ | Extraindo dados do carro: Audi - A3 1.8 Turbo 3p Mec. - 2004 Gasolina
2026-01-29 09:45:49 | INFO | __main__ | Extraindo dados do carro: Audi - A3 1.8 Turbo 3p Mec. - 2003 Gasolina
2026-01-29 09:46:16 | INFO | __main__ | Extraindo dados do carro: Audi - A3 1.8 Turbo 3p Mec. - 2002 Gasolina
2026-01-29 09:46:43 | INFO | __main__ | Extraindo dados do carro: Audi - A3 1.8 Turbo 3p Mec. - 2001 Gasolina
2026-01-29 09:47:10 | INFO | __main__ | Extraindo dados do carro: Audi - A3 1.8 Turbo 3p Mec. - 2000 Gasolina
2026-01-29 09:47:37 | INFO | __main__ | Extraindo dados do carro: Audi - A3 1.8 Turbo 3p Mec. - 1999 Gasolina
2026-01-29 09:48:03 | INFO | __main__ | Extraindo dados do carro: Audi - A3 1.8 Turbo 3p Mec. - 1998 Gasolina
2026-01-29 09:48:30 | INFO | __main__ | Extraindo dados do carro: Audi - A3 1.8 Turbo 3p Mec. - 1997 Gasolina
2026-01-29 09:48:57 | INFO | __main__ | Extraindo dados do carro: Audi - A3 1.8 Turbo 5p Aut. - 2006 Gasolina
2026-01-29 09:49:24 | INFO | __main__ | Extraindo dados do carro: Audi - A3 1.8 Turbo 5p Aut. - 2005 Gasolina
2026-01-29 09:49:51 | INFO | __main__ | Extraindo dados do carro: Audi - A3 1.8 Turbo 5p Aut. - 2004 Gasolina
2026-01-29 09:50:18 | INFO | __main__ | Extraindo dados do carro: Audi - A3 1.8 Turbo 5p Aut. - 2003 Gasolina
2026-01-29 09:50:45 | INFO | __main__ | Extraindo dados do carro: Audi - A3 1.8 Turbo 5p Aut. - 2002 Gasolina
2026-01-29 09:51:12 | INFO | __main__ | Extraindo dados do carro: Audi - A3 1.8 Turbo 5p Aut. - 2001 Gasolina
2026-01-29 09:51:39 | INFO | __main__ | Extraindo dados do carro: Audi - A3 1.8 Turbo 5p Aut. - 2000 Gasolina
2026-01-29 09:52:05 | INFO | __main__ | Extraindo dados do carro: Audi - A3 1.8 Turbo 5p Aut. - 1999 Gasolina
2026-01-29 09:52:33 | INFO | __main__ | Extraindo dados do carro: Audi - A3 1.8 Turbo 5p Aut. - 1998 Gasolina
2026-01-29 09:53:00 | INFO | __main__ | Extraindo dados do carro: Audi - A3 1.8 Turbo 5p Mec. - 2006 Gasolina
2026-01-29 09:53:27 | INFO | __main__ | Extraindo dados do carro: Audi - A3 1.8 Turbo 5p Mec. - 2005 Gasolina
2026-01-29 09:53:53 | INFO | __main__ | Extraindo dados do carro: Audi - A3 1.8 Turbo 5p Mec. - 2004 Gasolina
2026-01-29 09:54:20 | INFO | __main__ | Extraindo dados do carro: Audi - A3 1.8 Turbo 5p Mec. - 2003 Gasolina
2026-01-29 09:54:47 | INFO | __main__ | Extraindo dados do carro: Audi - A3 1.8 Turbo 5p Mec. - 2002 Gasolina
2026-01-29 09:55:14 | INFO | __main__ | Extraindo dados do carro: Audi - A3 1.8 Turbo 5p Mec. - 2001 Gasolina
2026-01-29 09:55:41 | INFO | __main__ | Extraindo dados do carro: Audi - A3 1.8 Turbo 5p Mec. - 2000 Gasolina
2026-01-29 09:56:08 | INFO | __main__ | Extraindo dados do carro: Audi - A3 1.8 Turbo 5p Mec. - 1999 Gasolina
2026-01-29 09:56:35 | INFO | __main__ | Extraindo dados do carro: Audi - A3 Cabriolet 1.8 16V TFSI 180cv S-tronic - 2016 Gasolina
2026-01-29 09:57:02 | INFO | __main__ | Extraindo dados do carro: Audi - A3 Cabriolet 1.8 16V TFSI 180cv S-tronic - 2015 Gasolina
2026-01-29 09:57:28 | INFO | __main__ | Extraindo dados do carro: Audi - A3 Cabriolet Ambition 2.0 TFSI S-tronic - 2018 Gasolina
2026-01-29 09:57:55 | INFO | __main__ | Extraindo dados do carro: Audi - A3 Cabriolet Ambition 2.0 TFSI S-tronic - 2017 Gasolina
2026-01-29 09:58:22 | INFO | __main__ | Extraindo dados do carro: Audi - A3 Cabriolet Perfor. 2.0 TFSI S-tronic - 2019 Gasolina
2026-01-29 09:58:49 | INFO | __main__ | Extraindo dados do carro: Audi - A3 Sed. Ambition 2.0 TSFI 220cv S-tronic - 2018 Gasolina
2026-01-29 09:59:16 | INFO | __main__ | Extraindo dados do carro: Audi - A3 Sed. Ambition 2.0 TSFI 220cv S-tronic - 2017 Gasolina
2026-01-29 09:59:43 | INFO | __main__ | Extraindo dados do carro: Audi - A3 Sed. Ambition 2.0 TSFI 220cv S-tronic - 2016 Gasolina
2026-01-29 10:00:10 | INFO | __main__ | Extraindo dados do carro: Audi - A3 Sed. P. Plus Tech 1.4 Flex TFSI Tip. - 2021 Flex
2026-01-29 10:00:37 | INFO | __main__ | Extraindo dados do carro: Audi - A3 Sed. P. Plus Tech 1.4 Flex TFSI Tip. - 2020 Flex
2026-01-29 10:01:03 | INFO | __main__ | Extraindo dados do carro: Audi - A3 Sed. P.Plus 1.4 25Anos Flex TFSI Tip. - 2019 Flex
2026-01-29 10:01:30 | INFO | __main__ | Extraindo dados do carro: Audi - A3 Sed.1.8/1.8 Ambit.16V TB FSI S-tronic - 2016 Gasolina
2026-01-29 10:01:57 | INFO | __main__ | Extraindo dados do carro: Audi - A3 Sed.1.8/1.8 Ambit.16V TB FSI S-tronic - 2015 Gasolina
2026-01-29 10:02:24 | INFO | __main__ | Extraindo dados do carro: Audi - A3 Sed.1.8/1.8 Ambit.16V TB FSI S-tronic - 2014 Gasolina
2026-01-29 10:02:51 | INFO | __main__ | Extraindo dados do carro: Audi - A3 Sed.Perf. Black 2.0 TFSI S-tr. (Hib.) - Zero KM Híbrido
2026-01-29 10:07:03 | INFO | __main__ | Extraindo dados do carro: Audi - 100 2.8 V6 - 1995 Gasolina
2026-01-29 10:07:30 | INFO | __main__ | Extraindo dados do carro: Audi - 100 2.8 V6 - 1994 Gasolina
2026-01-29 10:07:57 | INFO | __main__ | Extraindo dados do carro: Audi - 100 2.8 V6 - 1993 Gasolina
2026-01-29 10:08:24 | INFO | __main__ | Extraindo dados do carro: Audi - 100 2.8 V6 Avant - 1995 Gasolina
2026-01-29 10:08:51 | INFO | __main__ | Extraindo dados do carro: Audi - 100 2.8 V6 Avant - 1994 Gasolina
2026-01-29 10:09:18 | INFO | __main__ | Extraindo dados do carro: Audi - 100 S-4 2.2 Avant Turbo - 1995 Gasolina
2026-01-29 10:09:45 | INFO | __main__ | Extraindo dados do carro: Audi - 100 S-4 2.2 Avant Turbo - 1994 Gasolina
2026-01-29 10:10:12 | INFO | __main__ | Extraindo dados do carro: Audi - 80 2.0 - 1995 Gasolina
2026-01-29 10:10:39 | INFO | __main__ | Extraindo dados do carro: Audi - 80 2.0 - 1994 Gasolina
2026-01-29 10:11:06 | INFO | __main__ | Extraindo dados do carro: Audi - 80 2.0 Avant - 1995 Gasolina
2026-01-29 10:11:33 | INFO | __main__ | Extraindo dados do carro: Audi - 80 2.0 Avant - 1994 Gasolina
2026-01-29 10:12:00 | INFO | __main__ | Extraindo dados do carro: Audi - 80 2.6/ 2.8 - 1995 Gasolina
2026-01-29 10:12:27 | INFO | __main__ | Extraindo dados do carro: Audi - 80 2.6/ 2.8 - 1994 Gasolina
2026-01-29 10:12:54 | INFO | __main__ | Extraindo dados do carro: Audi - 80 2.6/2.8 Avant - 1996 Gasolina
2026-01-29 10:13:21 | INFO | __main__ | Extraindo dados do carro: Audi - 80 2.6/2.8 Avant - 1995 Gasolina
